// Jest Snapshot v1, https://goo.gl/fbAQLP

exports[`Placeholder Empty 1`] = `Array []`;

exports[`Placeholder Fix it!! Empty 1`] = `
Array [
  Object {
    "apiVersion": "v1",
    "kind": "Service",
    "metadata": Object {
      "labels": Object {
        "run": "nada",
      },
      "name": "cdk-nginx-service",
    },
    "spec": Object {
      "ports": Array [
        Object {
          "port": 80,
          "targetPort": 80,
        },
      ],
      "selector": Object {
        "app": "cdk-nginx-label",
      },
      "type": "LoadBalancer",
    },
  },
  Object {
    "apiVersion": "apps/v1",
    "kind": "Deployment",
    "metadata": Object {
      "name": "cdk-nginx-deployment",
    },
    "spec": Object {
      "replicas": 1,
      "selector": Object {
        "matchLabels": Object {
          "app": "cdk-nginx-label",
        },
      },
      "template": Object {
        "metadata": Object {
          "labels": Object {
            "app": "cdk-nginx-label",
          },
        },
        "spec": Object {
          "containers": Array [
            Object {
              "image": "nginx:mainline",
              "name": "nginx",
              "ports": Array [
                Object {
                  "containerPort": 80,
                },
              ],
            },
          ],
        },
      },
    },
  },
]
`;
